---
source: crates/oxc_linter/src/tester.rs
---

  ⚠ eslint(no-warning-comments): Unresolved 'fixme' comment.
   ╭─[no_warning_comments.tsx:1:1]
 1 │ // fixme
   · ────────
   ╰────
  help: Remove or rephrase this comment

  ⚠ eslint(no-warning-comments): Unresolved 'fixme' comment.
   ╭─[no_warning_comments.tsx:1:1]
 1 │ // any fixme
   · ────────────
   ╰────
  help: Remove or rephrase this comment

  ⚠ eslint(no-warning-comments): Unresolved 'fixme' comment.
   ╭─[no_warning_comments.tsx:1:1]
 1 │ // any fixme
   · ────────────
   ╰────
  help: Remove or rephrase this comment

  ⚠ eslint(no-warning-comments): Unresolved 'fixme' comment.
   ╭─[no_warning_comments.tsx:1:1]
 1 │ // any FIXME
   · ────────────
   ╰────
  help: Remove or rephrase this comment

  ⚠ eslint(no-warning-comments): Unresolved 'fixme' comment.
   ╭─[no_warning_comments.tsx:1:1]
 1 │ // any fIxMe
   · ────────────
   ╰────
  help: Remove or rephrase this comment

  ⚠ eslint(no-warning-comments): Unresolved 'fixme' comment.
   ╭─[no_warning_comments.tsx:1:1]
 1 │ /* any fixme */
   · ───────────────
   ╰────
  help: Remove or rephrase this comment

  ⚠ eslint(no-warning-comments): Unresolved 'fixme' comment.
   ╭─[no_warning_comments.tsx:1:1]
 1 │ /* any FIXME */
   · ───────────────
   ╰────
  help: Remove or rephrase this comment

  ⚠ eslint(no-warning-comments): Unresolved 'fixme' comment.
   ╭─[no_warning_comments.tsx:1:1]
 1 │ /* any fIxMe */
   · ───────────────
   ╰────
  help: Remove or rephrase this comment

  ⚠ eslint(no-warning-comments): Unresolved 'fixme' comment.
   ╭─[no_warning_comments.tsx:1:1]
 1 │ // any fixme or todo
   · ────────────────────
   ╰────
  help: Remove or rephrase this comment

  ⚠ eslint(no-warning-comments): Unresolved 'fixme' comment.
   ╭─[no_warning_comments.tsx:1:1]
 1 │ /* any fixme or todo */
   · ───────────────────────
   ╰────
  help: Remove or rephrase this comment

  ⚠ eslint(no-warning-comments): Unresolved 'todo' comment.
   ╭─[no_warning_comments.tsx:1:1]
 1 │ /* any fixme or todo */
   · ───────────────────────
   ╰────
  help: Remove or rephrase this comment

  ⚠ eslint(no-warning-comments): Unresolved 'fixme' comment.
   ╭─[no_warning_comments.tsx:1:1]
 1 │ /* fixme and todo */
   · ────────────────────
   ╰────
  help: Remove or rephrase this comment

  ⚠ eslint(no-warning-comments): Unresolved 'todo' comment.
   ╭─[no_warning_comments.tsx:1:1]
 1 │ /* fixme and todo */
   · ────────────────────
   ╰────
  help: Remove or rephrase this comment

  ⚠ eslint(no-warning-comments): Unresolved 'fixme' comment.
   ╭─[no_warning_comments.tsx:1:1]
 1 │ /* any fixme */
   · ───────────────
   ╰────
  help: Remove or rephrase this comment

  ⚠ eslint(no-warning-comments): Unresolved 'fixme' comment.
   ╭─[no_warning_comments.tsx:1:1]
 1 │ /* fixme! */
   · ────────────
   ╰────
  help: Remove or rephrase this comment

  ⚠ eslint(no-warning-comments): Unresolved '[litera|$]' comment.
   ╭─[no_warning_comments.tsx:1:1]
 1 │ // regex [litera|$]
   · ───────────────────
   ╰────
  help: Remove or rephrase this comment

  ⚠ eslint(no-warning-comments): Unresolved 'eslint' comment.
   ╭─[no_warning_comments.tsx:1:1]
 1 │ /* eslint one-var: 2 */
   · ───────────────────────
   ╰────
  help: Remove or rephrase this comment

  ⚠ eslint(no-warning-comments): Unresolved 'one' comment.
   ╭─[no_warning_comments.tsx:1:1]
 1 │ /* eslint one-var: 2 */
   · ───────────────────────
   ╰────
  help: Remove or rephrase this comment

  ⚠ eslint(no-warning-comments): Unresolved 'todo' comment.
   ╭─[no_warning_comments.tsx:1:1]
 1 │ /* any block comment with TODO, FIXME or XXX */
   · ───────────────────────────────────────────────
   ╰────
  help: Remove or rephrase this comment

  ⚠ eslint(no-warning-comments): Unresolved 'todo' comment.
   ╭─[no_warning_comments.tsx:1:1]
 1 │ /* any block comment with (TODO, FIXME's or XXX!) */
   · ────────────────────────────────────────────────────
   ╰────
  help: Remove or rephrase this comment

  ⚠ eslint(no-warning-comments): Unresolved 'todo' comment.
   ╭─[no_warning_comments.tsx:1:1]
 1 │ ╭─▶ /**
 2 │ │                *any block comment
 3 │ ╰─▶             *with (TODO, FIXME's or XXX!) **/
   ╰────
  help: Remove or rephrase this comment

  ⚠ eslint(no-warning-comments): Unresolved 'todo' comment.
   ╭─[no_warning_comments.tsx:1:1]
 1 │ // any comment with TODO, FIXME or XXX
   · ──────────────────────────────────────
   ╰────
  help: Remove or rephrase this comment

  ⚠ eslint(no-warning-comments): Unresolved 'todo' comment.
   ╭─[no_warning_comments.tsx:1:1]
 1 │ // TODO: something small
   · ────────────────────────
   ╰────
  help: Remove or rephrase this comment

  ⚠ eslint(no-warning-comments): Unresolved 'todo' comment.
   ╭─[no_warning_comments.tsx:1:1]
 1 │ // TODO: something really longer than 40 characters
   · ───────────────────────────────────────────────────
   ╰────
  help: Remove or rephrase this comment

  ⚠ eslint(no-warning-comments): Unresolved 'todo' comment.
   ╭─[no_warning_comments.tsx:1:1]
 1 │ ╭─▶ /* TODO: something
 2 │ │                really longer than 40 characters
 3 │ ╰─▶              and also a new line */
   ╰────
  help: Remove or rephrase this comment

  ⚠ eslint(no-warning-comments): Unresolved 'todo' comment.
   ╭─[no_warning_comments.tsx:1:1]
 1 │ // TODO: small
   · ──────────────
   ╰────
  help: Remove or rephrase this comment

  ⚠ eslint(no-warning-comments): Unresolved 'todo' comment.
   ╭─[no_warning_comments.tsx:1:1]
 1 │ // https://github.com/eslint/eslint/pull/13522#discussion_r470293411 TODO
   · ─────────────────────────────────────────────────────────────────────────
   ╰────
  help: Remove or rephrase this comment

  ⚠ eslint(no-warning-comments): Unresolved 'todo' comment.
   ╭─[no_warning_comments.tsx:1:1]
 1 │ // Comment ending with term followed by punctuation TODO!
   · ─────────────────────────────────────────────────────────
   ╰────
  help: Remove or rephrase this comment

  ⚠ eslint(no-warning-comments): Unresolved 'todo!' comment.
   ╭─[no_warning_comments.tsx:1:1]
 1 │ // Comment ending with term including punctuation TODO!
   · ───────────────────────────────────────────────────────
   ╰────
  help: Remove or rephrase this comment

  ⚠ eslint(no-warning-comments): Unresolved 'todo!' comment.
   ╭─[no_warning_comments.tsx:1:1]
 1 │ // Comment ending with term including punctuation followed by more TODO!!!
   · ──────────────────────────────────────────────────────────────────────────
   ╰────
  help: Remove or rephrase this comment

  ⚠ eslint(no-warning-comments): Unresolved 'todo' comment.
   ╭─[no_warning_comments.tsx:1:1]
 1 │ // !TODO comment starting with term preceded by punctuation
   · ───────────────────────────────────────────────────────────
   ╰────
  help: Remove or rephrase this comment

  ⚠ eslint(no-warning-comments): Unresolved '!todo' comment.
   ╭─[no_warning_comments.tsx:1:1]
 1 │ // !TODO comment starting with term including punctuation
   · ─────────────────────────────────────────────────────────
   ╰────
  help: Remove or rephrase this comment

  ⚠ eslint(no-warning-comments): Unresolved '!todo' comment.
   ╭─[no_warning_comments.tsx:1:1]
 1 │ // !!!TODO comment starting with term including punctuation preceded by more
   · ────────────────────────────────────────────────────────────────────────────
   ╰────
  help: Remove or rephrase this comment

  ⚠ eslint(no-warning-comments): Unresolved 'fix!' comment.
   ╭─[no_warning_comments.tsx:1:1]
 1 │ // FIX!term ending with punctuation followed word character
   · ───────────────────────────────────────────────────────────
   ╰────
  help: Remove or rephrase this comment

  ⚠ eslint(no-warning-comments): Unresolved '!fix' comment.
   ╭─[no_warning_comments.tsx:1:1]
 1 │ // Term starting with punctuation preceded word character!FIX
   · ─────────────────────────────────────────────────────────────
   ╰────
  help: Remove or rephrase this comment

  ⚠ eslint(no-warning-comments): Unresolved '!xxx' comment.
   ╭─[no_warning_comments.tsx:1:1]
 1 │ //!XXX comment starting with no spaces (anywhere)
   · ─────────────────────────────────────────────────
   ╰────
  help: Remove or rephrase this comment

  ⚠ eslint(no-warning-comments): Unresolved '!xxx' comment.
   ╭─[no_warning_comments.tsx:1:1]
 1 │ //!XXX comment starting with no spaces (start)
   · ──────────────────────────────────────────────
   ╰────
  help: Remove or rephrase this comment

  ⚠ eslint(no-warning-comments): Unresolved 'todo' comment.
   ╭─[no_warning_comments.tsx:1:1]
 1 │ ╭─▶ /*
 2 │ │               TODO undecorated multi-line block comment (start)
 3 │ ╰─▶             */
   ╰────
  help: Remove or rephrase this comment

  ⚠ eslint(no-warning-comments): Unresolved 'todo' comment.
   ╭─[no_warning_comments.tsx:1:1]
 1 │ ///// TODO decorated single-line comment with decoration array
   · ──────────────────────────────────────────────────────────────
 2 │              /////
   ╰────
  help: Remove or rephrase this comment

  ⚠ eslint(no-warning-comments): Unresolved 'todo' comment.
   ╭─[no_warning_comments.tsx:1:1]
 1 │ ///*/*/ TODO decorated single-line comment with multiple decoration characters (start)
   · ──────────────────────────────────────────────────────────────────────────────────────
 2 │              /////
   ╰────
  help: Remove or rephrase this comment

  ⚠ eslint(no-warning-comments): Unresolved '*todo' comment.
   ╭─[no_warning_comments.tsx:1:1]
 1 │ //**TODO term starts with a decoration character
   · ────────────────────────────────────────────────
   ╰────
  help: Remove or rephrase this comment

  ⚠ eslint(no-warning-comments): Unresolved 'todo!' comment.
   ╭─[no_warning_comments.tsx:1:1]
 1 │ // todo! with punctuation at start
   · ──────────────────────────────────
   ╰────
  help: Remove or rephrase this comment
